
> nominas-backend@1.0.0 test
> vitest src/tests/integration/auth.test.ts


[1m[44m DEV [49m[22m [34mv4.0.18 [39m[90mC:/Users/PC/Desktop/RRHH/backend[39m

[90mstdout[2m | src/tests/integration/auth.test.ts[2m > [22m[2mAuth Integration[2m > [22m[2mshould login successfully with valid credentials
[22m[39mDEBUG: User found: user-123

[90mstdout[2m | src/tests/integration/auth.test.ts[2m > [22m[2mAuth Integration[2m > [22m[2mshould login successfully with valid credentials
[22m[39mDEBUG: Password valid? [33mtrue[39m

[90mstdout[2m | src/tests/integration/auth.test.ts[2m > [22m[2mAuth Integration[2m > [22m[2mshould return 401 with invalid password
[22m[39mDEBUG: User found: user-123

node.exe : [90mstderr[2m | 
src/tests/integration/auth.test.ts[2m > [22m[2mAuth 
Integration[2m > [22m[2mshould return 401 with invalid 
password
En línea: 1 Carácter: 1
+ & "C:\Program Files\nodejs/node.exe" "C:\Program 
Files\nodejs/node_mo ...
+ ~~~~~~~~~~~~~~~~~~~~~~~~~~~~~~~~~~~~~~~~~~~~~~~~~~~~~~~~~~~
~~~~~~~~~~
    + CategoryInfo          : NotSpecified: ([90mstderr[2m 
   ...nvalid password:String) [], RemoteException
    + FullyQualifiedErrorId : NativeCommandError
 
[22m[39m[Login Error] AppError: Credenciales incorrectas
    at login (C:/Users/PC/Desktop/RRHH/backend/src/controller
s/AuthController.ts:93:23)
[90m    at processTicksAndRejections 
(node:internal/process/task_queues:103:5)[39m {
  statusCode: [33m401[39m,
  isOperational: [33mtrue[39m
}

[90mstdout[2m | src/tests/integration/auth.test.ts[2m > [22m[2mAuth Integration[2m > [22m[2mshould return 401 with invalid password
[22m[39mDEBUG: Password valid? [33mfalse[39m

[90mstdout[2m | src/tests/integration/auth.test.ts[2m > [22m[2mAuth Integration[2m > [22m[2mshould return 401 if user not found
[22m[39mDEBUG: User not found in DB

[90mstdout[2m | src/tests/integration/auth.test.ts[2m > [22m[2mAuth Integration[2m > [22m[2mshould return 401 if user not found
[22m[39mDEBUG: Password valid? [33mtrue[39m

[90mstderr[2m | src/tests/integration/auth.test.ts[2m > 
[22m[2mAuth Integration[2m > [22m[2mshould return 401 
if user not found
[22m[39m[Login Error] AppError: Credenciales incorrectas
    at login (C:/Users/PC/Desktop/RRHH/backend/src/controller
s/AuthController.ts:93:23)
[90m    at processTicksAndRejections 
(node:internal/process/task_queues:103:5)[39m {
  statusCode: [33m401[39m,
  isOperational: [33mtrue[39m
}

 [31mÔØ»[39m src/tests/integration/auth.test.ts [2m([22m[2m3 tests[22m[2m | [22m[31m1 failed[39m[2m)[22m[32m 42[2mms[22m[39m
[31m     [31m├ù[31m should login successfully with valid credentials[39m[32m 30[2mms[22m[39m
     [32mÔ£ô[39m should return 401 with invalid password[32m 7[2mms[22m[39m
     [32mÔ£ô[39m should return 401 if user not found[32m 4[2mms[22m[39m

[31mÔÄ»ÔÄ»ÔÄ»ÔÄ»ÔÄ»ÔÄ»ÔÄ»[39m[1m[41m Failed Tests 1 
[49m[22m[31mÔÄ»ÔÄ»ÔÄ»ÔÄ»ÔÄ»ÔÄ»ÔÄ»[39m

[41m[1m FAIL [22m[49m 
src/tests/integration/auth.test.ts[2m > [22mAuth 
Integration[2m > [22mshould login successfully with valid 
credentials
[31m[1mAssertionError[22m: expected undefined to be 
'success' // Object.is equality[39m

[32m- Expected:[39m 
"success"

[31m+ Received:[39m 
undefined

[36m [2mÔØ»[22m 
src/tests/integration/auth.test.ts:[2m58:33[22m[39m
    [90m 56| [39m
    [90m 57| [39m        [34mexpect[39m(res[33m.[39msta
tus)[33m.[39m[34mtoBe[39m([34m200[39m)[33m;[39m
    [90m 58| [39m        [34mexpect[39m(res[33m.[39mbod
y[33m.[39mstatus)[33m.[39m[34mtoBe[39m([32m'success'[
39m)[33m;[39m
    [90m   | [39m                                
[31m^[39m
    [90m 59| [39m        [34mexpect[39m(res[33m.[39mbod
y[33m.[39mdata)[33m.[39m[34mtoHaveProperty[39m([32m'to
ken'[39m)[33m;[39m
    [90m 60| [39m        expect(prisma.user.findFirst).toHa
veBeenCalledWith(expect.objeÔÇª

[31m[2mÔÄ»ÔÄ»ÔÄ»ÔÄ»ÔÄ»ÔÄ»ÔÄ»ÔÄ»ÔÄ»ÔÄ»ÔÄ»ÔÄ»ÔÄ»ÔÄ»ÔÄ»ÔÄ»ÔÄ»Ô
Ä»ÔÄ»ÔÄ»ÔÄ»ÔÄ»ÔÄ»ÔÄ»[1/1]ÔÄ»[22m[39m


[2m Test Files [22m [1m[31m1 failed[39m[22m[90m (1)[39m
[2m      Tests [22m [1m[31m1 failed[39m[22m[2m | [22m[1m[32m2 passed[39m[22m[90m (3)[39m
[2m   Start at [22m 12:45:28
[2m   Duration [22m 570ms[2m (transform 136ms, setup 32ms, import 328ms, tests 42ms, environment 0ms)[22m

[1m[41m FAIL [49m[22m [31mTests failed. Watching for file changes...[39m
       [2mpress [22m[1mh[22m[2m to show help[22m[2m, [22m[2mpress [22m[1mq[22m[2m to quit[22m
c[3J[1m[44m RERUN [49m[22m [34m[2msrc/controllers/AuthController.ts [22m[34mx1 [34m[39m
       [2m Filename pattern: [22m[34msrc/tests/integration/auth.test.ts[39m

[90mstderr[2m | src/tests/integration/auth.test.ts[2m > 
[22m[2mAuth Integration[2m > [22m[2mshould return 401 
with invalid password
[22m[39m[Login Error] AppError: Credenciales incorrectas
    at login (C:/Users/PC/Desktop/RRHH/backend/src/controller
s/AuthController.ts:88:23)
[90m    at processTicksAndRejections 
(node:internal/process/task_queues:103:5)[39m {
  statusCode: [33m401[39m,
  isOperational: [33mtrue[39m
}

[90mstderr[2m | src/tests/integration/auth.test.ts[2m > 
[22m[2mAuth Integration[2m > [22m[2mshould return 401 
if user not found
[22m[39m[Login Error] AppError: Credenciales incorrectas
    at login (C:/Users/PC/Desktop/RRHH/backend/src/controller
s/AuthController.ts:88:23)
[90m    at processTicksAndRejections 
(node:internal/process/task_queues:103:5)[39m {
  statusCode: [33m401[39m,
  isOperational: [33mtrue[39m
}

 [31mÔØ»[39m src/tests/integration/auth.test.ts [2m([22m[2m3 tests[22m[2m | [22m[31m1 failed[39m[2m)[22m[32m 41[2mms[22m[39m
[31m     [31m├ù[31m should login successfully with valid credentials[39m[32m 29[2mms[22m[39m
     [32mÔ£ô[39m should return 401 with invalid password[32m 7[2mms[22m[39m
     [32mÔ£ô[39m should return 401 if user not found[32m 4[2mms[22m[39m

[31mÔÄ»ÔÄ»ÔÄ»ÔÄ»ÔÄ»ÔÄ»ÔÄ»[39m[1m[41m Failed Tests 1 
[49m[22m[31mÔÄ»ÔÄ»ÔÄ»ÔÄ»ÔÄ»ÔÄ»ÔÄ»[39m

[41m[1m FAIL [22m[49m 
src/tests/integration/auth.test.ts[2m > [22mAuth 
Integration[2m > [22mshould login successfully with valid 
credentials
[31m[1mAssertionError[22m: expected undefined to be 
'success' // Object.is equality[39m

[32m- Expected:[39m 
"success"

[31m+ Received:[39m 
undefined

[36m [2mÔØ»[22m 
src/tests/integration/auth.test.ts:[2m58:33[22m[39m
    [90m 56| [39m
    [90m 57| [39m        [34mexpect[39m(res[33m.[39msta
tus)[33m.[39m[34mtoBe[39m([34m200[39m)[33m;[39m
    [90m 58| [39m        [34mexpect[39m(res[33m.[39mbod
y[33m.[39mstatus)[33m.[39m[34mtoBe[39m([32m'success'[
39m)[33m;[39m
    [90m   | [39m                                
[31m^[39m
    [90m 59| [39m        [34mexpect[39m(res[33m.[39mbod
y[33m.[39mdata)[33m.[39m[34mtoHaveProperty[39m([32m'to
ken'[39m)[33m;[39m
    [90m 60| [39m        expect(prisma.user.findFirst).toHa
veBeenCalledWith(expect.objeÔÇª

[31m[2mÔÄ»ÔÄ»ÔÄ»ÔÄ»ÔÄ»ÔÄ»ÔÄ»ÔÄ»ÔÄ»ÔÄ»ÔÄ»ÔÄ»ÔÄ»ÔÄ»ÔÄ»ÔÄ»ÔÄ»Ô
Ä»ÔÄ»ÔÄ»ÔÄ»ÔÄ»ÔÄ»ÔÄ»[1/1]ÔÄ»[22m[39m


[2m Test Files [22m [1m[31m1 failed[39m[22m[90m (1)[39m
[2m      Tests [22m [1m[31m1 failed[39m[22m[2m | [22m[1m[32m2 passed[39m[22m[90m (3)[39m
[2m   Start at [22m 12:46:07
[2m   Duration [22m 298ms

[1m[41m FAIL [49m[22m [31mTests failed. Watching for file changes...[39m
       [2mpress [22m[1mh[22m[2m to show help[22m[2m, [22m[2mpress [22m[1mq[22m[2m to quit[22m
c[3J[1m[44m RERUN [49m[22m [34m[2msrc/tests/integration/auth.test.ts [22m[34mx2 [34m[39m
       [2m Filename pattern: [22m[34msrc/tests/integration/auth.test.ts[39m

[90mstderr[2m | src/tests/integration/auth.test.ts[2m > 
[22m[2mAuth Integration[2m > [22m[2mshould return 401 
with invalid password
[22m[39m[Login Error] AppError: Credenciales incorrectas
    at login (C:/Users/PC/Desktop/RRHH/backend/src/controller
s/AuthController.ts:88:23)
[90m    at processTicksAndRejections 
(node:internal/process/task_queues:103:5)[39m {
  statusCode: [33m401[39m,
  isOperational: [33mtrue[39m
}

[90mstderr[2m | src/tests/integration/auth.test.ts[2m > 
[22m[2mAuth Integration[2m > [22m[2mshould return 401 
if user not found
[22m[39m[Login Error] AppError: Credenciales incorrectas
    at login (C:/Users/PC/Desktop/RRHH/backend/src/controller
s/AuthController.ts:88:23)
[90m    at processTicksAndRejections 
(node:internal/process/task_queues:103:5)[39m {
  statusCode: [33m401[39m,
  isOperational: [33mtrue[39m
}

 [31mÔØ»[39m src/tests/integration/auth.test.ts [2m([22m[2m3 tests[22m[2m | [22m[31m1 failed[39m[2m)[22m[32m 44[2mms[22m[39m
[31m     [31m├ù[31m should login successfully with valid credentials[39m[32m 29[2mms[22m[39m
     [32mÔ£ô[39m should return 401 with invalid password[32m 9[2mms[22m[39m
     [32mÔ£ô[39m should return 401 if user not found[32m 5[2mms[22m[39m

[31mÔÄ»ÔÄ»ÔÄ»ÔÄ»ÔÄ»ÔÄ»ÔÄ»[39m[1m[41m Failed Tests 1 
[49m[22m[31mÔÄ»ÔÄ»ÔÄ»ÔÄ»ÔÄ»ÔÄ»ÔÄ»[39m

[41m[1m FAIL [22m[49m 
src/tests/integration/auth.test.ts[2m > [22mAuth 
Integration[2m > [22mshould login successfully with valid 
credentials
[31m[1mAssertionError[22m: expected { user: { id: 
'user-123', ÔÇª(2) } } to have property "token"[39m
[36m [2mÔØ»[22m 
src/tests/integration/auth.test.ts:[2m66:31[22m[39m
    [90m 64| [39m        [34mexpect[39m(res[33m.[39msta
tus)[33m.[39m[34mtoBe[39m([34m200[39m)[33m;[39m
    [90m 65| [39m        [34mexpect[39m(res[33m.[39mbod
y[33m.[39mstatus)[33m.[39m[34mtoBe[39m([32m'success'[
39m)[33m;[39m
    [90m 66| [39m        [34mexpect[39m(res[33m.[39mbod
y[33m.[39mdata)[33m.[39m[34mtoHaveProperty[39m([32m'to
ken'[39m)[33m;[39m
    [90m   | [39m                              [31m^[39m
    [90m 67| [39m        expect(prisma.user.findFirst).toHa
veBeenCalledWith(expect.objeÔÇª
    [90m 68| [39m            where: { OR: 
expect.arrayContaining([{ email: 'test@examplÔÇª

[31m[2mÔÄ»ÔÄ»ÔÄ»ÔÄ»ÔÄ»ÔÄ»ÔÄ»ÔÄ»ÔÄ»ÔÄ»ÔÄ»ÔÄ»ÔÄ»ÔÄ»ÔÄ»ÔÄ»ÔÄ»Ô
Ä»ÔÄ»ÔÄ»ÔÄ»ÔÄ»ÔÄ»ÔÄ»[1/1]ÔÄ»[22m[39m


[2m Test Files [22m [1m[31m1 failed[39m[22m[90m (1)[39m
[2m      Tests [22m [1m[31m1 failed[39m[22m[2m | [22m[1m[32m2 passed[39m[22m[90m (3)[39m
[2m   Start at [22m 12:46:22
[2m   Duration [22m 308ms

[1m[41m FAIL [49m[22m [31mTests failed. Watching for file changes...[39m
       [2mpress [22m[1mh[22m[2m to show help[22m[2m, [22m[2mpress [22m[1mq[22m[2m to quit[22m
c[3J[1m[44m RERUN [49m[22m [34m[2msrc/tests/integration/auth.test.ts [22m[34mx3 [34m[39m
       [2m Filename pattern: [22m[34msrc/tests/integration/auth.test.ts[39m

[90mstdout[2m | src/tests/integration/auth.test.ts[2m > [22m[2mAuth Integration[2m > [22m[2mshould login successfully with valid credentials
[22m[39mDEBUG: Login Response Body: {
  "status": "success",
  "data": {
    "user": {
      "id": "user-123",
      "email": "test@example.com",
      "role": "admin"
    }
  }
}

[90mstderr[2m | src/tests/integration/auth.test.ts[2m > 
[22m[2mAuth Integration[2m > [22m[2mshould return 401 
with invalid password
[22m[39m[Login Error] AppError: Credenciales incorrectas
    at login (C:/Users/PC/Desktop/RRHH/backend/src/controller
s/AuthController.ts:88:23)
[90m    at processTicksAndRejections 
(node:internal/process/task_queues:103:5)[39m {
  statusCode: [33m401[39m,
  isOperational: [33mtrue[39m
}

[90mstderr[2m | src/tests/integration/auth.test.ts[2m > 
[22m[2mAuth Integration[2m > [22m[2mshould return 401 
if user not found
[22m[39m[Login Error] AppError: Credenciales incorrectas
    at login (C:/Users/PC/Desktop/RRHH/backend/src/controller
s/AuthController.ts:88:23)
[90m    at processTicksAndRejections 
(node:internal/process/task_queues:103:5)[39m {
  statusCode: [33m401[39m,
  isOperational: [33mtrue[39m
}

 [31mÔØ»[39m src/tests/integration/auth.test.ts [2m([22m[2m3 tests[22m[2m | [22m[31m1 failed[39m[2m)[22m[32m 43[2mms[22m[39m
[31m     [31m├ù[31m should login successfully with valid credentials[39m[32m 30[2mms[22m[39m
     [32mÔ£ô[39m should return 401 with invalid password[32m 8[2mms[22m[39m
     [32mÔ£ô[39m should return 401 if user not found[32m 4[2mms[22m[39m

[31mÔÄ»ÔÄ»ÔÄ»ÔÄ»ÔÄ»ÔÄ»ÔÄ»[39m[1m[41m Failed Tests 1 
[49m[22m[31mÔÄ»ÔÄ»ÔÄ»ÔÄ»ÔÄ»ÔÄ»ÔÄ»[39m

[41m[1m FAIL [22m[49m 
src/tests/integration/auth.test.ts[2m > [22mAuth 
Integration[2m > [22mshould login successfully with valid 
credentials
[31m[1mAssertionError[22m: expected { user: { id: 
'user-123', ÔÇª(2) } } to have property "token"[39m
[36m [2mÔØ»[22m 
src/tests/integration/auth.test.ts:[2m68:31[22m[39m

[2m Test Files [22m [1m[31m1 failed[39m[22m[90m (1)[39m
[2m      Tests [22m [1m[31m1 failed[39m[22m[2m | [22m[1m[32m2 passed[39m[22m[90m (3)[39m
[2m   Start at [22m 12:46:37
[2m   Duration [22m 292ms

    [90m 66| [39m        [34mexpect[39m(res[33m.[39msta
tus)[33m.[39m[34mtoBe[39m([34m200[39m)[33m;[39m
    [90m 67| [39m        [34mexpect[39m(res[33m.[39mbod
y[33m.[39mstatus)[33m.[39m[34mtoBe[39m([32m'success'[
39m)[33m;[39m
    [90m 68| [39m        [34mexpect[39m(res[33m.[39mbod
y[33m.[39mdata)[33m.[39m[34mtoHaveProperty[39m([32m'to
ken'[39m)[33m;[39m
    [90m   | [39m                              [31m^[39m
    [90m 69| [39m        expect(prisma.user.findFirst).toHa
veBeenCalledWith(expect.objeÔÇª
    [90m 70| [39m            where: { OR: 
expect.arrayContaining([{ email: 'test@examplÔÇª
[1m[41m FAIL [49m[22m [31mTests failed. Watching for file changes...[39m
       [2mpress [22m[1mh[22m[2m to show help[22m[2m, [22m[2mpress [22m[1mq[22m[2m to quit[22m

[31m[2mÔÄ»ÔÄ»ÔÄ»ÔÄ»ÔÄ»ÔÄ»ÔÄ»ÔÄ»ÔÄ»ÔÄ»ÔÄ»ÔÄ»ÔÄ»ÔÄ»ÔÄ»ÔÄ»ÔÄ»Ô
Ä»ÔÄ»ÔÄ»ÔÄ»ÔÄ»ÔÄ»ÔÄ»[1/1]ÔÄ»[22m[39m

c[3J[1m[44m RERUN [49m[22m [34m[2msrc/tests/integration/auth.test.ts [22m[34mx4 [34m[39m
       [2m Filename pattern: [22m[34msrc/tests/integration/auth.test.ts[39m

[90mstderr[2m | src/tests/integration/auth.test.ts[2m > 
[22m[2mAuth Integration[2m > [22m[2mshould return 401 
with invalid password
[22m[39m[Login Error] AppError: Credenciales incorrectas
    at login (C:/Users/PC/Desktop/RRHH/backend/src/controller
s/AuthController.ts:88:23)
[90m    at processTicksAndRejections 
(node:internal/process/task_queues:103:5)[39m {
  statusCode: [33m401[39m,
  isOperational: [33mtrue[39m
}

[90mstderr[2m | src/tests/integration/auth.test.ts[2m > 
[22m[2mAuth Integration[2m > [22m[2mshould return 401 
if user not found
[22m[39m[Login Error] AppError: Credenciales incorrectas
    at login (C:/Users/PC/Desktop/RRHH/backend/src/controller
s/AuthController.ts:88:23)
[90m    at processTicksAndRejections 
(node:internal/process/task_queues:103:5)[39m {
  statusCode: [33m401[39m,
  isOperational: [33mtrue[39m
}

 [31mÔØ»[39m src/tests/integration/auth.test.ts [2m([22m[2m3 tests[22m[2m | [22m[31m1 failed[39m[2m)[22m[32m 48[2mms[22m[39m
[31m     [31m├ù[31m should login successfully with valid credentials[39m[32m 34[2mms[22m[39m
     [32mÔ£ô[39m should return 401 with invalid password[32m 6[2mms[22m[39m
     [32mÔ£ô[39m should return 401 if user not found[32m 6[2mms[22m[39m

[31mÔÄ»ÔÄ»ÔÄ»ÔÄ»ÔÄ»ÔÄ»ÔÄ»[39m[1m[41m Failed Tests 1 
[49m[22m[31mÔÄ»ÔÄ»ÔÄ»ÔÄ»ÔÄ»ÔÄ»ÔÄ»[39m

[41m[1m FAIL [22m[49m 
src/tests/integration/auth.test.ts[2m > [22mAuth 
Integration[2m > [22mshould login successfully with valid 
credentials
[31m[1mAssertionError[22m: expected { user: { id: 
'user-123', ÔÇª(2) } } to have property "token"[39m
[36m [2mÔØ»[22m 
src/tests/integration/auth.test.ts:[2m67:31[22m[39m

    [90m 65| [39m        [34mexpect[39m(res[33m.[39mbod
y[33m.[39mstatus)[33m.[39m[34mtoBe[39m([32m'success'[
39m)[33m;[39m
    [90m 66| [39m        // The controller returns { user, 
token, refreshToken } directÔÇª
    [90m 67| [39m        [34mexpect[39m(res[33m.[39mbod
y[33m.[39mdata)[33m.[39m[34mtoHaveProperty[39m([32m'to
ken'[39m)[33m;[39m
    [90m   | [39m                              [31m^[39m
    [90m 68| [39m        [34mexpect[39m(res[33m.[39mbod
y[33m.[39mdata)[33m.[39m[34mtoHaveProperty[39m([32m'us
er'[39m)[33m;[39m
    [90m 69| [39m
[2m Test Files [22m [1m[31m1 failed[39m[22m[90m (1)[39m

[31m[2mÔÄ»ÔÄ»ÔÄ»ÔÄ»ÔÄ»ÔÄ»ÔÄ»ÔÄ»ÔÄ»ÔÄ»ÔÄ»ÔÄ»ÔÄ»ÔÄ»ÔÄ»ÔÄ»ÔÄ»Ô
Ä»ÔÄ»ÔÄ»ÔÄ»ÔÄ»ÔÄ»ÔÄ»[1/1]ÔÄ»[22m[39m

[2m      Tests [22m [1m[31m1 failed[39m[22m[2m | [22m[1m[32m2 passed[39m[22m[90m (3)[39m
[2m   Start at [22m 12:48:34
[2m   Duration [22m 310ms

[1m[41m FAIL [49m[22m [31mTests failed. Watching for file changes...[39m
       [2mpress [22m[1mh[22m[2m to show help[22m[2m, [22m[2mpress [22m[1mq[22m[2m to quit[22m
c[3J[1m[44m RERUN [49m[22m [34m[2msrc/tests/integration/auth.test.ts [22m[34mx5 [34m[39m
       [2m Filename pattern: [22m[34msrc/tests/integration/auth.test.ts[39m

[90mstdout[2m | src/tests/integration/auth.test.ts[2m > [22m[2mAuth Integration[2m > [22m[2mshould login successfully with valid credentials
[22m[39mDEBUG FULL RESPONSE: {
  "status": "success",
  "data": {
    "user": {
      "id": "user-123",
      "email": "test@example.com",
      "role": "admin"
    }
  }
}

[90mstderr[2m | src/tests/integration/auth.test.ts[2m > 
[22m[2mAuth Integration[2m > [22m[2mshould return 401 
with invalid password
[22m[39m[Login Error] AppError: Credenciales incorrectas
    at login (C:/Users/PC/Desktop/RRHH/backend/src/controller
s/AuthController.ts:88:23)
[90m    at processTicksAndRejections 
(node:internal/process/task_queues:103:5)[39m {
  statusCode: [33m401[39m,
  isOperational: [33mtrue[39m
}

[90mstderr[2m | src/tests/integration/auth.test.ts[2m > 
[22m[2mAuth Integration[2m > [22m[2mshould return 401 
if user not found
[22m[39m[Login Error] AppError: Credenciales incorrectas
    at login (C:/Users/PC/Desktop/RRHH/backend/src/controller
s/AuthController.ts:88:23)
[90m    at processTicksAndRejections 
(node:internal/process/task_queues:103:5)[39m {
  statusCode: [33m401[39m,
  isOperational: [33mtrue[39m
}

 [31mÔØ»[39m src/tests/integration/auth.test.ts [2m([22m[2m3 tests[22m[2m | [22m[31m1 failed[39m[2m)[22m[32m 50[2mms[22m[39m
[31m     [31m├ù[31m should login successfully with valid credentials[39m[32m 33[2mms[22m[39m
     [32mÔ£ô[39m should return 401 with invalid password[32m 8[2mms[22m[39m
     [32mÔ£ô[39m should return 401 if user not found[32m 7[2mms[22m[39m

[31mÔÄ»ÔÄ»ÔÄ»ÔÄ»ÔÄ»ÔÄ»ÔÄ»[39m[1m[41m Failed Tests 1 
[49m[22m[31mÔÄ»ÔÄ»ÔÄ»ÔÄ»ÔÄ»ÔÄ»ÔÄ»[39m

[41m[1m FAIL [22m[49m 
src/tests/integration/auth.test.ts[2m > [22mAuth 
Integration[2m > [22mshould login successfully with valid 
credentials
[31m[1mAssertionError[22m: expected { user: { id: 
'user-123', ÔÇª(2) } } to have property "token"[39m
[36m [2mÔØ»[22m 
src/tests/integration/auth.test.ts:[2m69:31[22m[39m
    [90m 67| [39m        [34mexpect[39m(res[33m.[39mbod
y[33m.[39mstatus)[33m.[39m[34mtoBe[39m([32m'success'[
39m)[33m;[39m
    [90m 68| [39m        // The controller returns { user, 
token, refreshToken } directÔÇª
    [90m 69| [39m        [34mexpect[39m(res[33m.[39mbod
y[33m.[39mdata)[33m.[39m[34mtoHaveProperty[39m([32m'to
ken'[39m)[33m;[39m
    [90m   | [39m                              [31m^[39m
    [90m 70| [39m        [34mexpect[39m(res[33m.[39mbod
y[33m.[39mdata)[33m.[39m[34mtoHaveProperty[39m([32m'us
er'[39m)[33m;[39m
    [90m 71| [39m

[31m[2mÔÄ»ÔÄ»ÔÄ»ÔÄ»ÔÄ»ÔÄ»ÔÄ»ÔÄ»ÔÄ»ÔÄ»ÔÄ»ÔÄ»ÔÄ»ÔÄ»ÔÄ»ÔÄ»ÔÄ»Ô
Ä»ÔÄ»ÔÄ»ÔÄ»ÔÄ»ÔÄ»ÔÄ»[1/1]ÔÄ»[22m[39m


[2m Test Files [22m [1m[31m1 failed[39m[22m[90m (1)[39m
[2m      Tests [22m [1m[31m1 failed[39m[22m[2m | [22m[1m[32m2 passed[39m[22m[90m (3)[39m
[2m   Start at [22m 12:48:47
[2m   Duration [22m 309ms

[1m[41m FAIL [49m[22m [31mTests failed. Watching for file changes...[39m
       [2mpress [22m[1mh[22m[2m to show help[22m[2m, [22m[2mpress [22m[1mq[22m[2m to quit[22m
c[3J[1m[44m RERUN [49m[22m [34m[2msrc/controllers/AuthController.ts [22m[34mx6 [34m[39m
       [2m Filename pattern: [22m[34msrc/tests/integration/auth.test.ts[39m

[90mstderr[2m | src/tests/integration/auth.test.ts[2m > 
[22m[2mAuth Integration[2m > [22m[2mshould login 
successfully with valid credentials
[22m[39m[Login Error] ReferenceError: AuthService is not 
defined
    at login (C:/Users/PC/Desktop/RRHH/backend/src/controller
s/AuthController.ts:73:28)
    at Layer.handle [as handle_request] [90m(C:\Users\PC\Des
ktop\RRHH\backend\[39mnode_modules\[4mexpress[24m\lib\rout
er\layer.js:95:5[90m)[39m
    at next [90m(C:\Users\PC\Desktop\RRHH\backend\[39mnode_
modules\[4mexpress[24m\lib\router\route.js:149:13[90m)[39
m
    at Route.dispatch [90m(C:\Users\PC\Desktop\RRHH\backend\
[39mnode_modules\[4mexpress[24m\lib\router\route.js:119:3
[90m)[39m
    at Layer.handle [as handle_request] [90m(C:\Users\PC\Des
ktop\RRHH\backend\[39mnode_modules\[4mexpress[24m\lib\rout
er\layer.js:95:5[90m)[39m
    at [90mC:\Users\PC\Desktop\RRHH\backend\[39mnode_module
s\[4mexpress[24m\lib\router\index.js:284:15
    at router.process_params [90m(C:\Users\PC\Desktop\RRHH\b
ackend\[39mnode_modules\[4mexpress[24m\lib\router\index.js
:346:12[90m)[39m
    at next [90m(C:\Users\PC\Desktop\RRHH\backend\[39mnode_
modules\[4mexpress[24m\lib\router\index.js:280:10[90m)[39
m
    at [90mC:\Users\PC\Desktop\RRHH\backend\[39mnode_module
s\[4mbody-parser[24m\lib\read.js:137:5
[90m    at AsyncResource.runInAsyncScope 
(node:async_hooks:214:14)[39m

[90mstdout[2m | src/tests/integration/auth.test.ts[2m > [22m[2mAuth Integration[2m > [22m[2mshould login successfully with valid credentials
[22m[39mDEBUG FULL RESPONSE: {
  "message": "AuthService is not defined"
}

[90mstderr[2m | src/tests/integration/auth.test.ts[2m > 
[22m[2mAuth Integration[2m > [22m[2mshould return 401 
with invalid password
[22m[39m[Login Error] ReferenceError: AuthService is not 
defined
    at login (C:/Users/PC/Desktop/RRHH/backend/src/controller
s/AuthController.ts:73:28)
    at Layer.handle [as handle_request] [90m(C:\Users\PC\Des
ktop\RRHH\backend\[39mnode_modules\[4mexpress[24m\lib\rout
er\layer.js:95:5[90m)[39m
    at next [90m(C:\Users\PC\Desktop\RRHH\backend\[39mnode_
modules\[4mexpress[24m\lib\router\route.js:149:13[90m)[39
m
    at Route.dispatch [90m(C:\Users\PC\Desktop\RRHH\backend\
[39mnode_modules\[4mexpress[24m\lib\router\route.js:119:3
[90m)[39m
    at Layer.handle [as handle_request] [90m(C:\Users\PC\Des
ktop\RRHH\backend\[39mnode_modules\[4mexpress[24m\lib\rout
er\layer.js:95:5[90m)[39m
    at [90mC:\Users\PC\Desktop\RRHH\backend\[39mnode_module
s\[4mexpress[24m\lib\router\index.js:284:15
    at router.process_params [90m(C:\Users\PC\Desktop\RRHH\b
ackend\[39mnode_modules\[4mexpress[24m\lib\router\index.js
:346:12[90m)[39m
    at next [90m(C:\Users\PC\Desktop\RRHH\backend\[39mnode_
modules\[4mexpress[24m\lib\router\index.js:280:10[90m)[39
m
    at [90mC:\Users\PC\Desktop\RRHH\backend\[39mnode_module
s\[4mbody-parser[24m\lib\read.js:137:5
[90m    at AsyncResource.runInAsyncScope 
(node:async_hooks:214:14)[39m

[90mstderr[2m | src/tests/integration/auth.test.ts[2m > 
[22m[2mAuth Integration[2m > [22m[2mshould return 401 
if user not found
[22m[39m[Login Error] ReferenceError: AuthService is not 
defined
    at login (C:/Users/PC/Desktop/RRHH/backend/src/controller
s/AuthController.ts:73:28)
    at Layer.handle [as handle_request] [90m(C:\Users\PC\Des
ktop\RRHH\backend\[39mnode_modules\[4mexpress[24m\lib\rout
er\layer.js:95:5[90m)[39m
    at next [90m(C:\Users\PC\Desktop\RRHH\backend\[39mnode_
modules\[4mexpress[24m\lib\router\route.js:149:13[90m)[39
m
    at Route.dispatch [90m(C:\Users\PC\Desktop\RRHH\backend\
[39mnode_modules\[4mexpress[24m\lib\router\route.js:119:3
[90m)[39m
    at Layer.handle [as handle_request] [90m(C:\Users\PC\Des
ktop\RRHH\backend\[39mnode_modules\[4mexpress[24m\lib\rout
er\layer.js:95:5[90m)[39m
    at [90mC:\Users\PC\Desktop\RRHH\backend\[39mnode_module
s\[4mexpress[24m\lib\router\index.js:284:15
    at router.process_params [90m(C:\Users\PC\Desktop\RRHH\b
ackend\[39mnode_modules\[4mexpress[24m\lib\router\index.js
:346:12[90m)[39m
    at next [90m(C:\Users\PC\Desktop\RRHH\backend\[39mnode_
modules\[4mexpress[24m\lib\router\index.js:280:10[90m)[39
m
    at [90mC:\Users\PC\Desktop\RRHH\backend\[39mnode_module
s\[4mbody-parser[24m\lib\read.js:137:5
[90m    at AsyncResource.runInAsyncScope 
(node:async_hooks:214:14)[39m

 [31mÔØ»[39m src/tests/integration/auth.test.ts [2m([22m[2m3 tests[22m[2m | [22m[31m3 failed[39m[2m)[22m[32m 44[2mms[22m[39m
[31m     [31m├ù[31m should login successfully with valid credentials[39m[32m 31[2mms[22m[39m
[31m     [31m├ù[31m should return 401 with invalid password[39m[32m 7[2mms[22m[39m
[31m     [31m├ù[31m should return 401 if user not found[39m[32m 5[2mms[22m[39m

[31mÔÄ»ÔÄ»ÔÄ»ÔÄ»ÔÄ»ÔÄ»ÔÄ»[39m[1m[41m Failed Tests 3 
[49m[22m[31mÔÄ»ÔÄ»ÔÄ»ÔÄ»ÔÄ»ÔÄ»ÔÄ»[39m

[41m[1m FAIL [22m[49m 
src/tests/integration/auth.test.ts[2m > [22mAuth 
Integration[2m > [22mshould login successfully with valid 
credentials
[31m[1mAssertionError[22m: expected 500 to be 200 // 
Object.is equality[39m

[32m- Expected[39m
[31m+ Received[39m

[32m- 200[39m
[31m+ 500[39m

[36m [2mÔØ»[22m 
src/tests/integration/auth.test.ts:[2m66:28[22m[39m
    [90m 64| [39m        console.log('DEBUG FULL 
RESPONSE:', JSON.stringify(res.body, nÔÇª
    [90m 65| [39m
    [90m 66| [39m        [34mexpect[39m(res[33m.[39msta
tus)[33m.[39m[34mtoBe[39m([34m200[39m)[33m;[39m
    [90m   | [39m                           [31m^[39m
    [90m 67| [39m        [34mexpect[39m(res[33m.[39mbod
y[33m.[39mstatus)[33m.[39m[34mtoBe[39m([32m'success'[
39m)[33m;[39m
    [90m 68| [39m        // The controller returns { user, 
token, refreshToken } directÔÇª

[31m[2mÔÄ»ÔÄ»ÔÄ»ÔÄ»ÔÄ»ÔÄ»ÔÄ»ÔÄ»ÔÄ»ÔÄ»ÔÄ»ÔÄ»ÔÄ»ÔÄ»ÔÄ»ÔÄ»ÔÄ»Ô
Ä»ÔÄ»ÔÄ»ÔÄ»ÔÄ»ÔÄ»ÔÄ»[1/3]ÔÄ»[22m[39m

[41m[1m FAIL [22m[49m 
src/tests/integration/auth.test.ts[2m > [22mAuth 
Integration[2m > [22mshould return 401 with invalid 
password
[31m[1mAssertionError[22m: expected 500 to be 401 // 
Object.is equality[39m

[32m- Expected[39m
[31m+ Received[39m

[32m- 401[39m
[31m+ 500[39m

[36m [2mÔØ»[22m 
src/tests/integration/auth.test.ts:[2m94:28[22m[39m
    [90m 92| [39m            })[33m;[39m
    [90m 93| [39m
    [90m 94| [39m        [34mexpect[39m(res[33m.[39msta
tus)[33m.[39m[34mtoBe[39m([34m401[39m)[33m;[39m
    [90m   | [39m                           [31m^[39m
    [90m 95| [39m        [34mexpect[39m(res[33m.[39mbod
y[33m.[39mmessage)[33m.[39m[34mtoBe[39m([32m'Credencia
les incorrectas'[39m)[33m;[39m
    [90m 96| [39m    })[33m;[39m

[31m[2mÔÄ»ÔÄ»ÔÄ»ÔÄ»ÔÄ»ÔÄ»ÔÄ»ÔÄ»ÔÄ»ÔÄ»ÔÄ»ÔÄ»ÔÄ»ÔÄ»ÔÄ»ÔÄ»ÔÄ»Ô
Ä»ÔÄ»ÔÄ»ÔÄ»ÔÄ»ÔÄ»ÔÄ»[2/3]ÔÄ»[22m[39m

[41m[1m FAIL [22m[49m 
src/tests/integration/auth.test.ts[2m > [22mAuth 
Integration[2m > [22mshould return 401 if user not found
[31m[1mAssertionError[22m: expected 500 to be 401 // 
Object.is equality[39m

[32m- Expected[39m
[31m+ Received[39m

[32m- 401[39m
[31m+ 500[39m

[36m [2mÔØ»[22m 
src/tests/integration/auth.test.ts:[2m108:28[22m[39m
    [90m106| [39m            })[33m;[39m
    [90m107| [39m
    [90m108| [39m        [34mexpect[39m(res[33m.[39msta
tus)[33m.[39m[34mtoBe[39m([34m401[39m)[33m;[39m
    [90m   | [39m                           [31m^[39m
    [90m109| [39m    })[33m;[39m
    [90m110| [39m})[33m;[39m

[31m[2mÔÄ»ÔÄ»ÔÄ»ÔÄ»ÔÄ»ÔÄ»ÔÄ»ÔÄ»ÔÄ»ÔÄ»ÔÄ»ÔÄ»ÔÄ»ÔÄ»ÔÄ»ÔÄ»ÔÄ»Ô
Ä»ÔÄ»ÔÄ»ÔÄ»ÔÄ»ÔÄ»ÔÄ»[3/3]ÔÄ»[22m[39m


[2m Test Files [22m [1m[31m1 failed[39m[22m[90m (1)[39m
[2m      Tests [22m [1m[31m3 failed[39m[22m[90m (3)[39m
[2m   Start at [22m 12:52:00
[2m   Duration [22m 361ms

[1m[41m FAIL [49m[22m [31mTests failed. Watching for file changes...[39m
       [2mpress [22m[1mh[22m[2m to show help[22m[2m, [22m[2mpress [22m[1mq[22m[2m to quit[22m
c[3J[1m[44m RERUN [49m[22m [34m[2msrc/controllers/AuthController.ts [22m[34mx7 [34m[39m
       [2m Filename pattern: [22m[34msrc/tests/integration/auth.test.ts[39m

[90mstdout[2m | src/tests/integration/auth.test.ts[2m > [22m[2mAuth Integration[2m > [22m[2mshould login successfully with valid credentials
[22m[39mDEBUG FULL RESPONSE: {
  "status": "success",
  "data": {
    "user": {
      "id": "user-123",
      "email": "test@example.com",
      "role": "admin"
    }
  }
}

[90mstderr[2m | src/tests/integration/auth.test.ts[2m > 
[22m[2mAuth Integration[2m > [22m[2mshould return 401 
with invalid password
[22m[39m[Login Error] AppError: Credenciales incorrectas
    at AuthService.login (C:/Users/PC/Desktop/RRHH/backend/sr
c/services/AuthService.ts:27:19)
[90m    at processTicksAndRejections 
(node:internal/process/task_queues:103:5)[39m
    at login (C:/Users/PC/Desktop/RRHH/backend/src/controller
s/AuthController.ts:74:28) {
  statusCode: [33m401[39m,
  isOperational: [33mtrue[39m
}

[90mstderr[2m | src/tests/integration/auth.test.ts[2m > 
[22m[2mAuth Integration[2m > [22m[2mshould return 401 
if user not found
[22m[39m[Login Error] AppError: Credenciales incorrectas
    at AuthService.login (C:/Users/PC/Desktop/RRHH/backend/sr
c/services/AuthService.ts:27:19)
[90m    at processTicksAndRejections 
(node:internal/process/task_queues:103:5)[39m
    at login (C:/Users/PC/Desktop/RRHH/backend/src/controller
s/AuthController.ts:74:28) {
  statusCode: [33m401[39m,
  isOperational: [33mtrue[39m
}

 [31mÔØ»[39m src/tests/integration/auth.test.ts [2m([22m[2m3 tests[22m[2m | [22m[31m1 failed[39m[2m)[22m[32m 55[2mms[22m[39m
[31m     [31m├ù[31m should login successfully with valid credentials[39m[32m 40[2mms[22m[39m
     [32mÔ£ô[39m should return 401 with invalid password[32m 9[2mms[22m[39m
     [32mÔ£ô[39m should return 401 if user not found[32m 5[2mms[22m[39m

[31mÔÄ»ÔÄ»ÔÄ»ÔÄ»ÔÄ»ÔÄ»ÔÄ»[39m[1m[41m Failed Tests 1 
[49m[22m[31mÔÄ»ÔÄ»ÔÄ»ÔÄ»ÔÄ»ÔÄ»ÔÄ»[39m

[41m[1m FAIL [22m[49m 
src/tests/integration/auth.test.ts[2m > [22mAuth 
Integration[2m > [22mshould login successfully with valid 
credentials
[31m[1mAssertionError[22m: expected { user: { id: 
'user-123', ÔÇª(2) } } to have property "token"[39m
[36m [2mÔØ»[22m 
src/tests/integration/auth.test.ts:[2m69:31[22m[39m
    [90m 67| [39m        [34mexpect[39m(res[33m.[39mbod
y[33m.[39mstatus)[33m.[39m[34mtoBe[39m([32m'success'[
39m)[33m;[39m
    [90m 68| [39m        // The controller returns { user, 
token, refreshToken } directÔÇª
    [90m 69| [39m        [34mexpect[39m(res[33m.[39mbod
y[33m.[39mdata)[33m.[39m[34mtoHaveProperty[39m([32m'to
ken'[39m)[33m;[39m
    [90m   | [39m                              [31m^[39m
    [90m 70| [39m        [34mexpect[39m(res[33m.[39mbod
y[33m.[39mdata)[33m.[39m[34mtoHaveProperty[39m([32m'us
er'[39m)[33m;[39m
    [90m 71| [39m

[31m[2mÔÄ»ÔÄ»ÔÄ»ÔÄ»ÔÄ»ÔÄ»ÔÄ»ÔÄ»ÔÄ»ÔÄ»ÔÄ»ÔÄ»ÔÄ»ÔÄ»ÔÄ»ÔÄ»ÔÄ»Ô
Ä»ÔÄ»ÔÄ»ÔÄ»ÔÄ»ÔÄ»ÔÄ»[1/1]ÔÄ»[22m[39m


[2m Test Files [22m [1m[31m1 failed[39m[22m[90m (1)[39m
[2m      Tests [22m [1m[31m1 failed[39m[22m[2m | [22m[1m[32m2 passed[39m[22m[90m (3)[39m
[2m   Start at [22m 12:52:02
[2m   Duration [22m 424ms

[1m[41m FAIL [49m[22m [31mTests failed. Watching for file changes...[39m
       [2mpress [22m[1mh[22m[2m to show help[22m[2m, [22m[2mpress [22m[1mq[22m[2m to quit[22m
c[3J[1m[44m RERUN [49m[22m [34m[2msrc/tests/integration/auth.test.ts [22m[34mx8 [34m[39m
       [2m Filename pattern: [22m[34msrc/tests/integration/auth.test.ts[39m

[90mstderr[2m | src/tests/integration/auth.test.ts[2m > 
[22m[2mAuth Integration (Controller -> Service)[2m > 
[22m[2mshould return 401 when Service throws error
[22m[39m[Login Error] AppError: Credenciales incorrectas
    at C:/Users/PC/Desktop/RRHH/backend/src/tests/integration
/auth.test.ts:54:54
    at [90mfile:///C:/Users/PC/Desktop/RRHH/backend/[39mnod
e_modules/[4m@vitest/runner[24m/dist/index.js:145:11
    at [90mfile:///C:/Users/PC/Desktop/RRHH/backend/[39mnod
e_modules/[4m@vitest/runner[24m/dist/index.js:915:26
    at [90mfile:///C:/Users/PC/Desktop/RRHH/backend/[39mnod
e_modules/[4m@vitest/runner[24m/dist/index.js:1243:20
    at new Promise (<anonymous>)
    at runWithTimeout [90m(file:///C:/Users/PC/Desktop/RRHH/
backend/[39mnode_modules/[4m@vitest/runner[24m/dist/index.
js:1209:10[90m)[39m
    at [90mfile:///C:/Users/PC/Desktop/RRHH/backend/[39mnod
e_modules/[4m@vitest/runner[24m/dist/index.js:1653:37
    at Traces.$ [90m(file:///C:/Users/PC/Desktop/RRHH/backen
d/[39mnode_modules/[4mvitest[24m/dist/chunks/traces.CCmnQa
NT.js:142:27[90m)[39m
    at trace [90m(file:///C:/Users/PC/Desktop/RRHH/backend/
[39mnode_modules/[4mvitest[24m/dist/chunks/test.B8ej_ZHS.js
:239:21[90m)[39m
    at runTest [90m(file:///C:/Users/PC/Desktop/RRHH/backend
/[39mnode_modules/[4m@vitest/runner[24m/dist/index.js:1653
:12[90m)[39m {
  statusCode: [33m401[39m,
  isOperational: [33mtrue[39m
}

 [31mÔØ»[39m src/tests/integration/auth.test.ts [2m([22m[2m2 tests[22m[2m | [22m[31m1 failed[39m[2m)[22m[32m 42[2mms[22m[39m
[31m     [31m├ù[31m should login successfully when Service returns data[39m[32m 35[2mms[22m[39m
     [32mÔ£ô[39m should return 401 when Service throws error[32m 6[2mms[22m[39m

[31mÔÄ»ÔÄ»ÔÄ»ÔÄ»ÔÄ»ÔÄ»ÔÄ»[39m[1m[41m Failed Tests 1 
[49m[22m[31mÔÄ»ÔÄ»ÔÄ»ÔÄ»ÔÄ»ÔÄ»ÔÄ»[39m

[41m[1m FAIL [22m[49m 
src/tests/integration/auth.test.ts[2m > [22mAuth 
Integration (Controller -> Service)[2m > [22mshould login 
successfully when Service returns data
[31m[1mAssertionError[22m: expected undefined to be 
'mock-access' // Object.is equality[39m

[32m- Expected:[39m 
"mock-access"

[31m+ Received:[39m 
undefined

[36m [2mÔØ»[22m 
src/tests/integration/auth.test.ts:[2m49:37[22m[39m
    [90m 47| [39m        [34mexpect[39m(res[33m.[39msta
tus)[33m.[39m[34mtoBe[39m([34m200[39m)[33m;[39m
    [90m 48| [39m        [34mexpect[39m(res[33m.[39mbod
y[33m.[39mstatus)[33m.[39m[34mtoBe[39m([32m'success'[
39m)[33m;[39m
    [90m 49| [39m        [34mexpect[39m(res[33m.[39mbod
y[33m.[39mdata[33m.[39mtoken)[33m.[39m[34mtoBe[39m([
32m'mock-access'[39m)[33m;[39m
    [90m   | [39m                                    
[31m^[39m
    [90m 50| [39m        expect(AuthService.login).toHaveBe
enCalledWith('test@example.cÔÇª
    [90m 51| [39m    })[33m;[39m

[31m[2mÔÄ»ÔÄ»ÔÄ»ÔÄ»ÔÄ»ÔÄ»ÔÄ»ÔÄ»ÔÄ»ÔÄ»ÔÄ»ÔÄ»ÔÄ»ÔÄ»ÔÄ»ÔÄ»ÔÄ»Ô
Ä»ÔÄ»ÔÄ»ÔÄ»ÔÄ»ÔÄ»ÔÄ»[1/1]ÔÄ»[22m[39m


[2m Test Files [22m [1m[31m1 failed[39m[22m[90m (1)[39m
[2m      Tests [22m [1m[31m1 failed[39m[22m[2m | [22m[1m[32m1 passed[39m[22m[90m (2)[39m
[2m   Start at [22m 12:52:18
[2m   Duration [22m 755ms

[1m[41m FAIL [49m[22m [31mTests failed. Watching for file changes...[39m
       [2mpress [22m[1mh[22m[2m to show help[22m[2m, [22m[2mpress [22m[1mq[22m[2m to quit[22m
c[3J[1m[44m RERUN [49m[22m [34m[2msrc/tests/setup.ts [22m[34mx9 [34m[39m
       [2m Filename pattern: [22m[34msrc/tests/integration/auth.test.ts[39m

[90mstderr[2m | src/tests/integration/auth.test.ts[2m > 
[22m[2mAuth Integration (Controller -> Service)[2m > 
[22m[2mshould return 401 when Service throws error
[22m[39m[Login Error] AppError: Credenciales incorrectas
    at C:/Users/PC/Desktop/RRHH/backend/src/tests/integration
/auth.test.ts:54:54
    at [90mfile:///C:/Users/PC/Desktop/RRHH/backend/[39mnod
e_modules/[4m@vitest/runner[24m/dist/index.js:145:11
    at [90mfile:///C:/Users/PC/Desktop/RRHH/backend/[39mnod
e_modules/[4m@vitest/runner[24m/dist/index.js:915:26
    at [90mfile:///C:/Users/PC/Desktop/RRHH/backend/[39mnod
e_modules/[4m@vitest/runner[24m/dist/index.js:1243:20
    at new Promise (<anonymous>)
    at runWithTimeout [90m(file:///C:/Users/PC/Desktop/RRHH/
backend/[39mnode_modules/[4m@vitest/runner[24m/dist/index.
js:1209:10[90m)[39m
    at [90mfile:///C:/Users/PC/Desktop/RRHH/backend/[39mnod
e_modules/[4m@vitest/runner[24m/dist/index.js:1653:37
    at Traces.$ [90m(file:///C:/Users/PC/Desktop/RRHH/backen
d/[39mnode_modules/[4mvitest[24m/dist/chunks/traces.CCmnQa
NT.js:142:27[90m)[39m
    at trace [90m(file:///C:/Users/PC/Desktop/RRHH/backend/
[39mnode_modules/[4mvitest[24m/dist/chunks/test.B8ej_ZHS.js
:239:21[90m)[39m
    at runTest [90m(file:///C:/Users/PC/Desktop/RRHH/backend
/[39mnode_modules/[4m@vitest/runner[24m/dist/index.js:1653
:12[90m)[39m {
  statusCode: [33m401[39m,
  isOperational: [33mtrue[39m
}

 [32mÔ£ô[39m src/tests/integration/auth.test.ts [2m([22m[2m2 tests[22m[2m)[22m[32m 42[2mms[22m[39m

[2m Test Files [22m [1m[32m1 passed[39m[22m[90m (1)[39m
[2m      Tests [22m [1m[32m2 passed[39m[22m[90m (2)[39m
[2m   Start at [22m 12:52:34
[2m   Duration [22m 414ms

[1m[42m PASS [49m[22m [32mWaiting for file changes...[39m
       [2mpress [22m[1mh[22m[2m to show help[22m[2m, [22m[2mpress [22m[1mq[22m[2m to quit[22m
c[3J[1m[44m RERUN [49m[22m [34m[2mpackage.json [22m[34mx10 [34m[39m
       [2m Filename pattern: [22m[34msrc/tests/integration/auth.test.ts[39m

[90mstderr[2m | src/tests/integration/auth.test.ts[2m > 
[22m[2mAuth Integration (Controller -> Service)[2m > 
[22m[2mshould return 401 when Service throws error
[22m[39m[Login Error] AppError: Credenciales incorrectas
    at C:/Users/PC/Desktop/RRHH/backend/src/tests/integration
/auth.test.ts:54:54
    at [90mfile:///C:/Users/PC/Desktop/RRHH/backend/[39mnod
e_modules/[4m@vitest/runner[24m/dist/index.js:145:11
    at [90mfile:///C:/Users/PC/Desktop/RRHH/backend/[39mnod
e_modules/[4m@vitest/runner[24m/dist/index.js:915:26
    at [90mfile:///C:/Users/PC/Desktop/RRHH/backend/[39mnod
e_modules/[4m@vitest/runner[24m/dist/index.js:1243:20
    at new Promise (<anonymous>)
    at runWithTimeout [90m(file:///C:/Users/PC/Desktop/RRHH/
backend/[39mnode_modules/[4m@vitest/runner[24m/dist/index.
js:1209:10[90m)[39m
    at [90mfile:///C:/Users/PC/Desktop/RRHH/backend/[39mnod
e_modules/[4m@vitest/runner[24m/dist/index.js:1653:37
    at Traces.$ [90m(file:///C:/Users/PC/Desktop/RRHH/backen
d/[39mnode_modules/[4mvitest[24m/dist/chunks/traces.CCmnQa
NT.js:142:27[90m)[39m
    at trace [90m(file:///C:/Users/PC/Desktop/RRHH/backend/
[39mnode_modules/[4mvitest[24m/dist/chunks/test.B8ej_ZHS.js
:239:21[90m)[39m
    at runTest [90m(file:///C:/Users/PC/Desktop/RRHH/backend
/[39mnode_modules/[4m@vitest/runner[24m/dist/index.js:1653
:12[90m)[39m {
  statusCode: [33m401[39m,
  isOperational: [33mtrue[39m
}

 [32mÔ£ô[39m src/tests/integration/auth.test.ts [2m([22m[2m2 tests[22m[2m)[22m[32m 60[2mms[22m[39m

[2m Test Files [22m [1m[32m1 passed[39m[22m[90m (1)[39m
[2m      Tests [22m [1m[32m2 passed[39m[22m[90m (2)[39m
[2m   Start at [22m 12:54:08
[2m   Duration [22m 454ms

[1m[42m PASS [49m[22m [32mWaiting for file changes...[39m
       [2mpress [22m[1mh[22m[2m to show help[22m[2m, [22m[2mpress [22m[1mq[22m[2m to quit[22m
c[3J[1m[44m RERUN [49m[22m [34m[2mpackage.json [22m[34mx11 [34m[39m
       [2m Filename pattern: [22m[34msrc/tests/integration/auth.test.ts[39m

[90mstderr[2m | src/tests/integration/auth.test.ts[2m > 
[22m[2mAuth Integration (Controller -> Service)[2m > 
[22m[2mshould return 401 when Service throws error
[22m[39m[Login Error] AppError: Credenciales incorrectas
    at C:/Users/PC/Desktop/RRHH/backend/src/tests/integration
/auth.test.ts:54:54
    at [90mfile:///C:/Users/PC/Desktop/RRHH/backend/[39mnod
e_modules/[4m@vitest/runner[24m/dist/index.js:145:11
    at [90mfile:///C:/Users/PC/Desktop/RRHH/backend/[39mnod
e_modules/[4m@vitest/runner[24m/dist/index.js:915:26
    at [90mfile:///C:/Users/PC/Desktop/RRHH/backend/[39mnod
e_modules/[4m@vitest/runner[24m/dist/index.js:1243:20
    at new Promise (<anonymous>)
    at runWithTimeout [90m(file:///C:/Users/PC/Desktop/RRHH/
backend/[39mnode_modules/[4m@vitest/runner[24m/dist/index.
js:1209:10[90m)[39m
    at [90mfile:///C:/Users/PC/Desktop/RRHH/backend/[39mnod
e_modules/[4m@vitest/runner[24m/dist/index.js:1653:37
    at Traces.$ [90m(file:///C:/Users/PC/Desktop/RRHH/backen
d/[39mnode_modules/[4mvitest[24m/dist/chunks/traces.CCmnQa
NT.js:142:27[90m)[39m
    at trace [90m(file:///C:/Users/PC/Desktop/RRHH/backend/
[39mnode_modules/[4mvitest[24m/dist/chunks/test.B8ej_ZHS.js
:239:21[90m)[39m
    at runTest [90m(file:///C:/Users/PC/Desktop/RRHH/backend
/[39mnode_modules/[4m@vitest/runner[24m/dist/index.js:1653
:12[90m)[39m {
  statusCode: [33m401[39m,
  isOperational: [33mtrue[39m
}

 [32mÔ£ô[39m src/tests/integration/auth.test.ts [2m([22m[2m2 tests[22m[2m)[22m[32m 46[2mms[22m[39m

[2m Test Files [22m [1m[32m1 passed[39m[22m[90m (1)[39m
[2m      Tests [22m [1m[32m2 passed[39m[22m[90m (2)[39m
[2m   Start at [22m 12:55:40
[2m   Duration [22m 488ms

[1m[42m PASS [49m[22m [32mWaiting for file changes...[39m
       [2mpress [22m[1mh[22m[2m to show help[22m[2m, [22m[2mpress [22m[1mq[22m[2m to quit[22m
